Do not drink this museum
The museum of stagnations
Le musée des mots qu’on a déjà pesés.
The museum of vanishing gradients
Le musée des heures qui tournent
The museum of guiding principles
Le musée des grands boulevards
Le musée des fumées sans feu 
Le musée des plaisirs renouvelés
The museum of what’s left in the air
Des musées tombés de leur chaise
This museum stands on top of the world. This museum sits on top of the world.
Le musée des lignes qui bougent 
Ces musées ont subi l’air du temps
Le musée qui est à moins de deux.
This museum is primarily an open line of communication
Un musée que quand on ferme les yeux, on y croit
Le musée des mots sur des bouts de langue
Le musée des idées qui vont jusqu’au bout
Le musée qui est le produit de son époque
Le musée de là où ça fait mal
Le musée des lots communs
Le musée des pousse au crime
Le musée des vaches qui pissent
Le musée des dérapages contrôlés
Le musée qui est dans la zone (de création? De banlieue?)
Le musée des opinions modérés et conformes
Le musée qui est aussi un défit à l’intelligence humaine
Un musée privé de réalité
Le musée des populations qui basculent
The museum of re-invented wheels
Le musée des matines qui sonnent
Le musée des musées nés les 1er Janviers
Le musée des binettes cassées
Le musée des culs levés de leur chaise
Le musée des boucles bouclées
Le musée des chemins qui mènent à Rome
Le musée qui sépare mais qui quand même tient ensemble 
Le musée des questions pleines de tristesse
Le musée de l’art total
Le musée de l’art dû
Le musée du point du jour
Le musée qui sent le sapin
Un musée qui en a sous la pedale.
Le musée des dents qui raillent des parquets
Le musée des esprits occupés / le musée des esprits vacants (petite passerelle entre les deux)
Le musée qui paye des mines. Le musée qui ne paye pas des mines.
Le musée du démarrage en côte
Le musée de ce qui est parti en dernier. (Imagine une fille indienne)
Le musée des bonds en avant
The museum that is also a race to the bottom.
The museum of clouded visions.
Le musée de l’initiative personnelle
Le musee des fleurs bleues
Le musée de l’attentisme
Un musée acquis à sa/la cause
The museum of parallel modes of understanding
The museum of things created for themselves
The museum of staggering truths
The museum of open loops
This museum is primarly a risk averse environment
The (panoramic) museum of what you used to see from below
The museum of paid attentions
The museum of licked wounds
The museum of teachable moments
The museum that is its own reward
Le musée qui est aussi un élan d’amour
The museum of ticking time bombs
Le musée du mimétisme
Le musée des bases pas solides
The museum of dodged bullets
Le musée de ce qui a eu le temps de changer
The museum of greater causes
The museum of short lived victories
The museum of broad strokes
Le musée des yeux qui sont loins, le musée des cœurs qui sont loins.
The museum of learning curves
The museum of weak yet consistent mechanisms
The museum that is also a very, very small life
Le musée des bras qui tombent
This museum is also a pile of pebbles.
Le musée des pouls qui s’accélèrent 
The museum of shadow people 
Le musée des promesses tenues
This museum is primarily a ball bouncing between two walls
The museum of positive presences
Le musée des ciels ouverts 
The museum of numbed pains
The museum of inner monologues
Le musée qui est aussi une parenthèse
Le musée de tout / Le musée de son contraire
A Museum too small to see
The museum of dividing lines
The museum that is also half of the message
The museum of unstructured thoughts
The museum of Fast Feedback Loops
Le musée des croix, Le musée des bannières
Le musée des légendes vivantes, le musée des légendes mortes.
This museum is a writing on the wall.
This museum is confusing is sad
The museum untouched by the world
A museum too close to home
A museum behind closed doors
This museum can only mean one thing.
The museum that is not string enough.
Le musée des balances qui penchent d’un côté / le musée des balances qui penchent de l’autre
The museum of books that read/read themselves.
The museum that is also a trend to 0.
The museum of disappearing proofs.
The museum of balancing acts
The museum of adiabatique changes
The museum that is also a puddle of spilled Coca Cola.
Le musée qui forme la jeunesse / le musée qui déforme la jeunesse
Le musée des doigts croisés 
The museum of lines drawn in the sand
The museum where expectations and reality meet.
The museum that is a little room for error
The museum of 4th walls
The museum of visions getting blurry
The museum of expectations set correctly
The museum of split seconds 
Le musée des failles / le musée des félures 
Le musée dépourvu de tout
The museum that wouldn’t hold scrutiny 
Le musée des douleurs qui sont au second plan 
The museum of smiles that don’t reach the eyes
The museum of things that find their way
This museum is also part of the truth
The museum of accepted fates
Le musée des enfants dans des ventres
This museum doesn’t add up to quite enough
Le musée des trains qui n’arrivent jamais en gare
The museum of thin planets
Le musée des rêves brisés 
Le musée des petits monticules 
The museum that is literally true.
The museum that isn’t even related to reality
The museum of distracted focus.
The museum that looks better than it is
Le musée de ce qui tient debout
The museum of distances
The museum of afterthoughts 
Le musée des têtes hors de l’eau
Le musée des larmes chaudes.
Le musée des causes perdues / le musée des causes qu’on a retrouvées 
Le musée des liens qui sont entiers.
Le musée des rêves qui portent des gens.
This museum is also a grain of salt.
The museum of nearest stars
Le musée des jours sans lendemains.
Le musées des ploufs
Le musée qui est aussi le raz des pâquerettes 
Le musée des lumières au bout des tunnels
The Museum of death traps 
Le musée des questions binaires 
Un musée caché derrière la réalité 
Le musée des berges tendues vers le ciel.
Le musée des prises au réel.
The museum of free and volontaire acts
The museum of undivided states
The museum of happy paths.
The museum of divided spaces
Le musée des horizons désirables 
The museum of sticky questions.
Le musée des faces voilées 
Le musée des vies qui passent.
The museum that is also a range of modalities.
The museum of hibernated (ideas)
The museum of suns getting dark
The museum of chased feelings.
Le musée des bretelles remontées.
Le musée des gouffres immenses 
Un musée tout seul comme un grand.
Le musée de ce qui ne pourrait pas être autrement.
The museum of lines in the sand
Le musée des phrases ponctuées
Le musée du temps économisé
Le musée qui a échappé au patriarcat et au capitalisme
Le musée du leste qui est lâché
This museum is not going to fly.
Le musée des phrases qui tournent dans des têtes 
Le musée des flux laminaires
The museum of sad understandings.
Le musée des étaux qui se resserrent 
Le musée des deuxièmes fois.
The museum that is also an opening remark.
Le musée des pupilles dilatées.
A museum digging a scary hole.
The museum of broken glass ceilings.
The  museum of linear regressions. The museum of linear progressions.
The museum of contained fires
The museum of green green is a green green and white green green white green blue green green white green green blue green green 
The museum of hearts beating themselves.
Le musée qui est aussi un équilibre des douleurs.
The museum of abandoned attachments.
The museum of strings that are attached.
The museum that is also a waste of life.
The museum of spacious safe places.
Le musée du moins que je puisse faire.
The museum of failure modes.
The museum of lives worth talking about.
A razor thin museum.
The museum that is better than its opposite.
The museum of ignored facts.
The museum of polar opposites.
The museum of self deception
The museum of cold turkeys.
Le musée des fleurs émasculées.
The museum of best efforts.
Le musée des bombes qui ne changent rien.
A museum that is bigger than it actually is.
Two impaired museums.
The museum of sealed destinies.
The museum of artificial paradises
The museum of boiling tears.
The museum of hammers over heads.
The museum of defaced museums.
The museum that stands between you and (success?)
Le musée des petits espoirs qui restent et qui s’en vont.
Ce musée, on dirait une légende.
The museum of inflection points.
Le musée des concours, le musée des circonstances.
The museum that is also an act of faith.
Le musée des tables rases.
Le musée des organes qui se rapprochent 
The museum of drops in buckets.
The museum of homogeneous white fields.
The museum of scratched chins.
The museum of coping mechanisms.
The museum that is also a stretch of imagination.
The museum of luminal spaces.
Le musée des possibilités qui s’éteignent.
A museum bigger than its problems.
Le musée des crampes.
Un musée en retard dans sa vie.
The museum that also the whole story.
The museum of second orders, the museum of third orders
Un musée qui ne mange pas de pain.
A museum cultivating boundaries.
The museums of anchors driving people down.
This museum stopped trying.
Le musée de l’indifférence.
A museum in survival mode.
Le musée des tours dans des sacs.
Un musée sur le quai.
Le musée des poitrines <br> ouvertes en deux.
The museum that is very quotable
Le musée qui est aussi la huitième merveille du monde.
The museum of fine lines
The museum where dreams can die
The museum where change happens.
Le musée des (belles) lurettes.
The museum of shared concerns.
Un musée qui n’est pas heureux, mais un musée n’a pas de jambes.
The museum that only needs a motivation.
Le musée des actes Theorisés.
The museum of challenged perceptions.
Un musée qui est aussi un parcours du combattant 
The museum of fingers pointing at the moon.
Le musée des paires de manches
The museum of wasted air.
The museum of stones thrown both ways.
Un musée à son compte.
The museum of disembodied humans.
Le musée de la force des choses.
Le musée des mi-chemins.
Le musée des boules dans des ventres.
A consistently boring museum.
Le musée des memes mots dans le meme order.
Two inexcusable museums
Le musée des pensées émues.
Le musée du temps perdu.
The museum of smoking guns
Un musée trop beau pour être vrai 
The museum of swapping ends.
This museum lacks meaning.
Le musée de ce qui était mieux avant.
The museum of gone sparks
Un musée entre la poire et le fromage.
Le musée des têtes qui tournent.
The museum of commonalities 
The museum where everything hurts
Le musée des cœurs réchauffés.
The museum of resting wrists.
The museum of fires on fire. - The museum of museums on fire
Le musée des sujets d’intérêts communs.
Le musée des ailes cassées.
Le musée des yeux qui clignent.
Le musée des jours aux lendemains.
Le musée des émotions qui se lisent sur des visages.
The museum of nails being hammered.
Le musée des masses non suspendues 
Hell is filled with museums like this one.
Le musée des prises de conscience.
Le musée des systèmes dysfonctionnels qu’on entretient.
Le musée de la friction.
Le musée des bâtons dans des roues.
Le musée de ce qui n’est plus mort.
A purpose built museum.
The museum of finite lives.
The museum of strategic interests.
A museum that doesn’t scale.
Le musée des intentions généreuses
Le musée des lignes floues.
A museum existing at great costs of itself.
The museum of dreams in action.
The museum of similar assumptions.
The museum of assertions.
The museum of feelings that are not mutual (un mutual ?)
Un musée jusqu’à ce que ça fasse mal.
Le musée des cœurs dilatés.
The museum of increasing pressures.
The same museum. But closer to he sun.
The museum of vipers filling beds.
Le musée des fleurs bleues.
Un musée en équilibre sur ses mains.
Un musée qui n’est personne pour juger.
Un musée qui n’est pas surprenant mais qui est quand même énorme.
The museum of hands in hands.
Le musée des colères qui se dissipent.
Le musée des cartes sur des tables.
The museum of traded memories.
This museum is actually a circle if trust.
The museum that doesn’t even have to try
The museum that can stop knowing
The museum that is in your head. Entirely in your head.
The museum of unlaid eggs.
The museum of trains leaving stations.
This museum won’t stop there.
The museum that is not how progress works.
The museum of failed efforts.
The museum of vacuums.
The museum if assertions
The museum of opened floodgates.
Un musée condamné à la victoire 
Le musée des sons de cloches.
The museum of repeating patterns.
The museum of induced motions
The museum of lonely efforts.
The museum that contains nothing but time.
Le musée des humains libres
The museum of downward spirals.
The museum of solidified (memories/respects…)
The museum of receiving ends.
Le musée de la facilité 
The museum of moving parts.
Le musée du sang glacé.
A museum containing (a couple of) multitudes.
The museum of missed opportunities.
Le musée des moindres miracles.
Le musée des rêves inatteignables.
A museum distributed over time.
A museum you can hold on your hand.
The museum that is much more like falling in love on a breakup song.
Le musée des années lumières
Le mise des chasses d’eau pour le cerveau.
The museum of what is safe to believe 
The museum of managed expectations
The museum death can’t reach
Plusieurs musées qui avancent dans la vie
A museum hiding in plain sight
The museum of challenged existence 
A museum that is good at what it does
Le musée des pierres jetées
Le musée des jardins secrets 
Le musée des têtes qui tournent
Le musée des cœurs qui battent
Le musée des pieds sur lesquels danser
The museum of collaborative efforts
The museum of legitimate concern
Two propelled museums
Le musée des coups d’œils dans des rétroviseurs 
The museum of places to start from
Le musée des yeux mouillés
Le musée des plaisirs partagés
Le musée des reflets.
Le musée des âmes et des consciences
The museum of busy guys.
A museum hiding from itself
The museum of missed boats
Le musée des danses immobiles
Un musée identique à lui même.
Le musée des bonnes intentions.
Le musée des rôles inversés.
Le musée des verbes conjugués à la troisième personne.
Le musée des raisons qui s’échappent
Le musée des oreilles sourdes à...
Le musée des situations régulières.
The museum of swinging fists.
Le musée des enfants sans imagination.
Le musée des forces en action.
The museum of discontinuities.
Le musée des sauts perrieux. 
This museum deserves just as much credit.
The museum of filled gaps.
The museum that makes a statement. (Of statements?)
The museum of sad deaths.
Le musée de l’inclassable.
Le musée de ce qui tient en l’air.
The museum of receiving ends.
Le musée des Tronçonneuses, le musée des langues de bois (davodka)
Le musée des pentes descendantes.
Le musée des têtes hors de l’eau.
Le musée des planètes alignées.
Le musée des choses grandes qui se sont cassées.
Two museum not even close.
The museum of heroes of their own stories.
Le musée des disques rayés.
Le musée de la fumée. Le
Musée du feu.
A museum defining its category.
Le musée de gens qui se relèvent.
Un musée qui ne prend plus qu’il ne rapporte.
Un musée à côté de lui même.
Le musée des trajets en bus.
Le musée des vents qui tournent.
The museum of mountain tops.
Le musée des fulgurances.
Le musée de l’irréparable.
A museum set up for failure.
Le musée des fils à retordre.
Le musée des petits cadavres sous des tas de feuilles
Le musée des mots mâchés.
Two intersecting museums.
Le musée des échappatoires à la tristesse.
Le musée des choses en face.
The museum of sick ideas.
Le musée des bouts de bras.
Un musée encore pire que ça.
Le musée des jours qui tombent.
Le musée des trous dans des raquettes.
Le musée des souvenirs à ressasser.
Le musée des questions réitérées.
Le musée des petites coupures.
Le musée des Graals.
The museum of every measurable way.
The museum of first or second orders.
Le musée des ponts qui brulent.
Le musée des retours de bâtons.
Le musée des coups. Le musée de la foudre.
Le musée des écoutilles bien ouvertes.
Le musée des petites danses de victoire.
Le musée des ardoises effacées.
Le musée des vies remises en question.
Le musée des ciels qui tombent sur des têtes.
Le musée des prises de hauteur.
Le musée des demi-mots.
Le musée des amours éperdus.
The museum of bold statements.
The museum of broken sweats.
The museum of flip sides.
The museum of mixed bags.
The museum of pulled triggers.
The museum of healed pasts
Le musée des étourderies.
Le musée des yeux révulsés
Le musée de l’effondrement.
Le musée des lâchés de ballons.
The museum of floodgates.
Le musée des petites armées.
Le musée des catharsis.
A museum without a purpose.
The museum of downtimes.
The museum of lost opportunities.
The museum of realistic expectations.
The museum of other levels.
A museum easy to say. Harder to believe.
The museum of questionable behaviours.
The museum of managed (expectations).
Le musée des bombes à retardement.
Le musée des têtes des grands jours.
Le musée des dos courbés.
Un musée qui dit pas son nom.
Le musée des coups accusés.
Le musée des moindres détails.
The museum of cut corners.
The museum of sanity checks.
Le musée des virages à 180º
Le musée qui est un peu une chanson de Patrick Bruel.
The museum of provided illusions.
The museum of north stars.
Le musée des sommeils sans rêves.
Le musée des pièges qui se referment.
The museum of darker places.
Un musée qui est aussi une association d’idées.
The museum of selfless acts.
Le musée des oreilles qui sifflent.
The museum of convoluted processes.
The museum of conversations that are over.
The museum of moving gravity centres.
The museum of commonalities.
Two equally important museums.
Un musée vertigineux.
Un musée à balles réelles.
A museum jumping in the river and trying to swim.
Le musée des bosses roulées.
Le musée des lésions.
The museum that is more like a mirror.
Le musée des coups. Le musée des éclats.
Le musée des cœurs qui ratent des battements.
Le musée du chichi.
Le musée des battements d’ailes.
Le musée des rudes épreuves.
The museum of crossed lines.
The museum of lost integrities.
The museum of gone souls.
The museum of broken stars.
The museum of glass ceilings.
A museum bigger than itself.
The museum of perpetual decays.
Le musée des vies qui prennent des tournants.
The museum of the arts in Germany and Germany Germany is a very well known fact that the most important in the park is the best place to park in the park park in Germany.
The museum of undermined hypotheses.
The museum of high profiles.
A mildly inappropriate museum.
The museum of memory loops.
The museum of lifelines and lives on lines.
The museum of self-inflictions.
The museum of sustained pains.
The museum of drills in skulls.
Le musée des vestes retournées.
A museum without even trying.
Un musée terrassé par la douleur.
How do you think this museum feels?
Le musée des âmes enceintes.
A museum bigger than himself 
Le musée des nuits qui portent conseil.
Le musée des têtes dans les épaules.
Un musée comme toutes les bonnes idées.
The museum of lowered expectations.
Un musée qui est plus un pari sur l’avenir 
Un musée qu’on laisse faire.
Le musée qui ne dupe personne.
A museum for the lack of trying.
A potentially lethal museum.
Le musée des masouages 
Le musée qui se repose dans la vie
The museum of saved efforts.
The museum that should be able to do better than that.
The museum of pulled plugs.
A right, left, and centre museum.
The museum of beaten odds.
A fast paced museum.
Un musée pile à la vitesse normale.
Le musée qui est plus une métaphore.
Un musée qui revient au galop. 
Un musée tellurique.
Un musée complètement lui même.
Le musée des petits enfers.
Le musée des carottes bien cuites.
The museum of saved tears.
A museum crying in the forest, with no echo.
This museum intentionally left blank.
Un musée à bout portant.
A museum that only ends one way.
The museum of loaded guns
The museum of boiled oceans.
The museum of buried world views.
A museum riding a tsunami.
A museum too big to fail.
The museum of two ways issues.
The museum of transcendental changes.
The museum we thought we were
A museum vulnerable to failure.
A mission critical museum.
The museum of skipped beats.
The museum of single points of failure.
Un musée à vive allure.
Le musée qui ne dit pas son nom.
The museum of jointly operated machineries.
The museum of quenched thirsts.
The museum of wounds. (Grosse salière a côté)
The museum of shouting distances.
Le musée des poires coupées en deux.
Le musée des trous dans les cœurs.
Le musée des constantes.
The museum of half drilled holes.
Un musée en chute libre.
Le musée des mots qui coupent des têtes.
A museum that can’t be explained nor denied.
Un musée à bout portant.
Le musée des amours perdues.
The museum of painted pictures.
Le musée du hasard.
Un musée rempli de paix.
Le musée que personne n’a vu.
Le musée des portes qui claquent.
Le musée des fonctions affines.
The museum of overcame difficulties.
A very specific museum.
A museum surrounded by rats.
The museum you created yourself.
Le musée des équilibres préservés.
The museum of anti-patterns.
The museum of applied heuristics.
The museum of turning backs.
The museum of lifted spirits.
This museum is many moons old.
The museum of men over boards.
The museum that has heard everything.
Le musée de l’argent. Le musée du bonheur.
Le musée des dispositions.
The museum of human things.
The museum of old goats.
The same museum either way.
Le musée des nouveaux départs
A self improving museum
A half naked museum.
This museum is a cartoon of itself.
This museum is known for happening.
Le musée des tangentes.
The museum of talking pictures.
Museum in progress (grue et cubes en dessins)
An unprecedented museum.
Le miser des états de fait.
Le musée des vies qui reprennent.
A flying blind museum
Le musée des pierres angulaires.
A never looking back museum.
An unscalable museum.
An unpleasing yet effective museum.
The museum that is too close to the sun.
Le musée de la létalité.
The museum of reestablished contexts.
Two museums not even close.
The museum of lifted spirits.
This museum can only mean one thing.
Le musée des perches tendues
The museum that has gone too far.
The museum of low expectations.
The museum of loosely connected ideas (entities)
The museum of terms / The museum of conditions
The museum of un punished mistakes.
Le musée des bras baissés.
Le musée des vues à couper le souffle.
Le musée des pieds sur terre.
Le musée des sentiments déguisés.
The museum of moving targets.
Le musée des contradictions
The museum of disposable atmospheres.
The museum of questioned intentions.
Le musée des immenses passoires.
The museum of plane fields.
The museum of accountable actions.
The museum of judgement calls.
The museum of unsolicited opinions.
A sometimes underwhelming museum.
The museum of healed wounds.
Le musée des vélocités.
The museum of access points.
The museum of narrow interests.
The museum of double dates.
Le musée des souris vertes.
An inoffensive museum.
The museum of brutality.
The museum of pendulum swings
Les musées des havres. Le musée de la paix.
Le musée des dos tendus.
Le musée de la lenteur.
Un musée quelque peu pléonastique.
The museum of suspicious actings.
The museum of standing chances.
The museum of constant grief.
The museum of defeated purposes.
Le musée des processions
Le musée des sourires tristes
The museum of afterthoughts
Le musée des cercles concentriques
The museum of sameness.
A museum in its own right
Le musée des temporisations.
The museum of intact optimism.
The museum of loopholes
The museum of informed decisions.
The museum of casual conversations.
Once worthless museum. Now priceless.
A museum bigger than itself 
Ce musée va péricliter.
Le musée des vagues. Le musée de l’âme.
The museum of dead sounds.
The museum of significant others.
Le musée des raccourcis.
An hyper local museum.
The museum of faceless services
The museum of informed decisions.
The museum of small errors built on top of each other.
Le musée des personnes individuelles.
Le musée des contrejours
The museum of building excitements.
Le musée des frissons.
The museum of bottom of things.
Le musée des injonctions.
Le musée des enfants prodigues.
The museum of stacks
Le musée de la fragmentation.
Un musée déboutonné
Le musée des mains tendues.
The museum of non-events.
Le musée des reuleuleux un peu beubeux.
Le musée des accesseurs et des mutateurs.
Le musée de l’injustice en amour.
Le musée des futons.
Le musée des p’tites prairies.
Le musée des bouteilles. Le musée de la mer.
Le musée des gémonies.
Le musée des confluences.
Tu as ta place dans ce musée / toi belong to this museum.
This museum brought you this far.
The museum of cold feet.
The museum of ground clearance.
Le musée des moments opportuns.
Le musée qui veut juste qu’on l’aime.
Le musée de l’autodérision.
Le musée de la claustrophobie  
(Please omit this museum.)
Un musée malgré lui
Le musée des papiers libres
The museum of money slots.
Le musée des fleurons 
Le musée des contenants.
Le musée des intitulés.
The museum of step stones.
The museum of systems for things.
The museum of how things turned out to be.
Le musée des crépitements.
The museum of gifts
The museum of rolled up sleeves.
The museum of narrow gaps
The museum of responsible enjoyments.
Un musée sans objets
The museum of solid dots
The museum of big(ger) pictures
The museum to start drinking from.
The museum of edges 
The museum of missed moments
Le musée des simulacres.
An upbeat museum 
Le musée du monde à l’envers 
Le musée faute de mieux
Le musée de la mesquinerie 
This museum is running out of time
The museum of now (the museum of then)
The museum of eaten words 
Le musée dans l’air du temps.
The museum of incantations
Le musée des musées
The museum of decentralized truth.
Le musée des plombs fondus.
The museum of peace, the museum of mind
The museum of bread, the museum of butter.
The museum of our future selves.
Le musée des effluves.
Le musée des tropismes.
Le musée des mignatures.
Le musée de l’enquillage
Le musée des premières jeunesses.
The museum of immediate shutdowns.
The museum of early next days.
The museum of summer skins
The museum that is just fair.
The museum of pieces.
The museum of fireproof matches.
Le musée du répit.
Le musée des recours
Le musée des lieux tiers.
Le musée des hyphénations
The museum of recent pasts.
The museum of light bulb moments.
Le musée des lundis.
Le musée de la turgescence 
Le musée de l’imagination et de la comparaison
The museum of correlation. The museum of causation,
Le musée du respect par la pitié.
The museum of logarithmic complexities
Le musée de l’élasticité,
Le musée de la fin de tout.
The museum of drifts.
The museum of subsitutes for experience.
Le musée des blagues de pompiers.
Le musée des stupeurs.
The museum of scattered applauses.
Le musée des odes à la trahison.
Le musée de la constance, de la défiance, et de [l’abondance]
Le musée de
Le musée des ~~caresses~~ terreurs nocturnes.
Le musée de la compote de pomme.
Le musée des étoiles filantes.
Le musée des coins, petits coins, grands coins, et coins coins.
Le musée du vent et des tumultes.
Le musée de la confiance et sa vue panoramique à 359º
Le musée de l’exil
Le musée du bonheur insolent
Le musée des trous et des fonds de trous.
Le musée de la terre et de la mer.
The museum of beefy elements 
Le musée des enfants sauvages.
The museum of half steps.
Le musée de la futurologie.
The museum of narratives.
The museum of wasted second chances.
The museum of simulated dangers 
Le musée du renoncement.
Le musée des têtes et des épaules
Ce musée cartonne
Un musée conventionné.
Le musée des sentiments refoulés
Le musée des spirales
Le musée des premiers pas
Le musée des allégeances .
Le musée des leurres.
The museum of part time losers.
Le musée des esplanades.
The museum of those who want to be born (on earth).
The museum of inappropriate gestures
The museum of long runs.
The museum before you know it.
The museum of engineered relationships.
The museum of kill switches.
Le musée de la conscilience.
Le musée des accusés de réception.
Le musée des apostrophes
Le musée de l’entropie.
The museum of small (but important) contributions
The museum of garbage fires.
The museum of push pins.
The museum of vain attempts.
Le musée qui fait rimer … et …
Le musée de la consternation.
Le musée des amoncellements.
Le musée de l’esbroufe.
Le musée des armes. De l’amour. Et du silence.
The museum of regretful smiles.
The museum that is like riding a bike.
The museum of lies based on truths.
The museum of indulged doléances.
The museum of shear forces.
The museum of rhymes and reasons.
Le musée des apesanteurs.
The museum of usecases 
The museum of heavy liftings.
The museum of loose fights
The museum of soft beings 
Le musée des mi-temps.
Le musée des embruns
The museum of new insights 
The museum of happy endings.
Le musée des tasses fendues (mais pas cassées)
The museum of open parenthesis.
The museum of frustrated bots.
The museum of fear and grief.
The museum of unpretentious atmospheres.
The museum of defeated purposes.
The museum of paper cuts.
The museum of bigger screens.
The museum of silences.
The museum of easy deaths.
The museum of downfalls.
The museum of big hot messes.
The museum of fat feelings.
Le musée des petits mots/petits papiers.
Le musée des tords partagés.
Le musée de la coopération, de la compétition and de l’annihilation.
The museum of faceless capitalists.
Le musée des truelles et des chausses pieds.
The museum of the natural order of things.
The museum of macrocosms.
Le musée des remords et des regrets .
Le musée des battements d’ailes.
Le musée des hasards.
The museum of echo chambers.
The museum of poison
The museum of defeated purposes.
Le musée des cheminements.
The museum of authentic times/moments.
The museum of equalities.
The museum of suboptimal solutions.
The museum of high spirits
The museum of carrots and sticks.
The museum of split differences.
The museum of mice farts.
The museum of educated guesses
The museum of asses juice.
The museum of broken term of service.
The museum of wet feet.
The museum that tried too hard
The museum that is at the end of the road
The museum that’s wishing you would have gone to far
The museum that wanted to be an astronaut. Or maybe a circle.
Le musée qui a apprivoisé le temps
Le musée des parfaits cauchemars 
The museum that is a fire of bones.
The museum of sweet spots 
Le musée qui n’est pas Charlie 
The museum of opened and closed doors
The museum that gets you wrong 
The museum that does not even make a difference 
The museum of remaining issues.
A full stack museum
The museum that has no effect
The museum of things that don’t worth a sun.
The museum of meaningless quests.
The museum of lost signals.
Le musée en lieu et place.
The museum that is not and will never be.
The museum that successfully tried.
The museum of swinging flames.
The museum of bad colds.
The museum of low hanging fruits.
Le musée qui sonne comme une mauvaise idée.
The museum that fits in your schedule.
Le musée sans pression.
Le musée des angles morts.
The museum museum of genuine interests.
The museum of broken subroutines.
The museum of half (mature) ideas. 
The museum of micro opinions
The museum of emotional conversations.
The museum that smells like your ex-girlfriend.
The museum without mirrors or walls.
The museum of well flavoured dust.
The museum of pretty much alive things .
Le musée à qui tu dois rendre des comptes.
The museum of your own stories.
The museum of greater causes.
The museum that doesn’t look like itself.
The museum of things you don’t want in your life.
The museum of tomorrow mornings.
The museum of things your ex was good at.
the museum that wasn’t meant to be
Le musée des mises à l’épreuve 
Le musée de tes propres ressources 
The museum of my personal gifts
The museum of big things
The museum of things of that nature.
A (deeply) average museum 
The museum of cruel things about you.
The museum of hand picked words 
The museum of treasured relationships.
The museum of healthy moments.
The museum of cold bullets.
The museum of metaphysical questions you won’t have to answer.
The museum that is efficient up to 100%
The museum of asses in seats. 
The museum of healthy scepticism 
The museum of no such fucking things.
Deux musées concomitants 
Le musée des contenances.
The museum that ascended to space.
The museum of people looking for new things.
The museum of deep cuts
The museum of dreamless nights
The museum of vivid nightmares 
The museum that can make you cry
The museum of line feeds.
Le musée des monotonies 
The museum of wet dreams.
Le musée des déclivités (et déclivités inverses)
The museum in its own rights.
The world is hiding behind this museum.
The museum with no name
This is not a museum but a mental theatre.
The museum of exception yous
An otherwise museum
A zero sum museum.
The museum of shameless requests.
The museum of fair amounts 
The museum of positive traction’s
Le musée des goûts nature.
Le musée des mots creux.
The museum of best interests
Deux musées sans communes mesures.
Ce musée ne répond pas 
Le musée des vies inanimées 
Le musée des protubérances.
The museum of early stage disappointments 
The museum that was painting for the day after
The museum of empty bones
The museum that is pretending the sky is blue
The museum of lost footages from you
Le musée du fond et de la forme
The museum that is the second best museum
The museum you did not hear about
The museum you had bad feelings about but finally it is OK.
The museum of the persons you successfully pretended to be
The museum where you can securely cry
The museum that is as cold as you ex-boyfriend’s heart
The museum that had no exit
The museum you did not understand but it turned something great into you
The museum you built with the strength of your bones
The museum you had bad feelings about but finally it is OK. (v.2.0)
The museum that fixes its smile when you turn your back
The museum that is still stocked back in 2015
The museum … Your..
The museum that had no choice but to let you in
The museum that is not your home
This museum can carry water
Yesterday, this museum was a cube
Your ego does not fit in this museum
The museum you went to before internet was a thing
The museum where she caressed your neck
The museum that couldn’t be further from the truth
The museum that stands beyond your comprehension
The museum you keep in your secret stash
The museum that is better than that
The eagerly instantiated museum
The museum of slow going processes
The museum that actually has a meaning
The museum that holds your beer
This museum lasts 17minutes and 37seconds
The museum of regular bases
404 museum not found
Le musée de la rage et du néant
The museum of dancing shadows
The museum of silent failures
The museum that is going somewhere 
The museum you called wrong
The museum of blown oceans
A humanly possible museum 
The museum of analog dreams
